#
# There is insufficient memory for the Java Runtime Environment to continue.
# Native memory allocation (malloc) failed to allocate 1048576 bytes for AllocateHeap
# Possible reasons:
#   The system is out of physical RAM or swap space
#   In 32 bit mode, the process size limit was hit
# Possible solutions:
#   Reduce memory load on the system
#   Increase physical memory or swap space
#   Check if swap backing store is full
#   Use 64 bit Java on a 64 bit OS
#   Decrease Java heap size (-Xmx/-Xms)
#   Decrease number of Java threads
#   Decrease Java thread stack sizes (-Xss)
#   Set larger code cache with -XX:ReservedCodeCacheSize=
# This output file may be truncated or incomplete.
#
#  Out of Memory Error (memory/allocation.inline.hpp:61), pid=20076, tid=20884
#
# JRE version:  (7.0_80-b15) (build )
# Java VM: Java HotSpot(TM) 64-Bit Server VM (24.80-b11 mixed mode windows-amd64 compressed oops)
# Failed to write core dump. Minidumps are not enabled by default on client versions of Windows
#

---------------  T H R E A D  ---------------

Current thread (0x0000000002f40800):  JavaThread "Unknown thread" [_thread_in_vm, id=20884, stack(0x0000000002e00000,0x0000000002f00000)]

Stack: [0x0000000002e00000,0x0000000002f00000]

---------------  P R O C E S S  ---------------

Java Threads: ( => current thread )

Other Threads:

=>0x0000000002f40800 (exited) JavaThread "Unknown thread" [_thread_in_vm, id=20884, stack(0x0000000002e00000,0x0000000002f00000)]

VM state:not at safepoint (normal execution)

VM Mutex/Monitor currently owned by a thread: None

Heap
 PSYoungGen      total 38400K, used 665K [0x00000007d5e80000, 0x00000007d8900000, 0x0000000800000000)
  eden space 33280K, 2% used [0x00000007d5e80000,0x00000007d5f266b8,0x00000007d7f00000)
  from space 5120K, 0% used [0x00000007d8400000,0x00000007d8400000,0x00000007d8900000)
  to   space 5120K, 0% used [0x00000007d7f00000,0x00000007d7f00000,0x00000007d8400000)
 ParOldGen       total 86016K, used 0K [0x0000000781c00000, 0x0000000787000000, 0x00000007d5e80000)
  object space 86016K, 0% used [0x0000000781c00000,0x0000000781c00000,0x0000000787000000)
 PSPermGen       total 21504K, used 697K [0x000000077ca00000, 0x000000077df00000, 0x0000000781c00000)
  object space 21504K, 3% used [0x000000077ca00000,0x000000077caae5c8,0x000000077df00000)

Card table byte_map: [0x0000000006100000,0x0000000006520000] byte_map_base: 0x000000000251b000

Polling page: 0x00000000015f0000

Code Cache  [0x0000000003040000, 0x00000000032b0000, 0x0000000006040000)
 total_blobs=38 nmethods=0 adapters=20 free_code_cache=48889Kb largest_free_block=50062528

Compilation events (0 events):
No events

GC Heap History (0 events):
No events

Deoptimization events (0 events):
No events

Internal exceptions (0 events):
No events

Events (10 events):
Event: 0.011 loading class 0x0000000002f8f6e0
Event: 0.011 loading class 0x0000000002f8f6e0 done
Event: 0.011 loading class 0x0000000002f8f730
Event: 0.011 loading class 0x0000000002f8f730 done
Event: 0.011 loading class 0x0000000002f8f780
Event: 0.011 loading class 0x0000000002f8f780 done
Event: 0.011 loading class 0x0000000002f90500
Event: 0.011 loading class 0x0000000002f90500 done
Event: 0.011 loading class 0x0000000002f90120
Event: 0.011 loading class 0x0000000002f90120 done


Dynamic libraries:
0x00007ff6771b0000 - 0x00007ff6771e3000 	C:\Program Files\Java\jdk1.7.0_80\bin\java.exe
0x00007ffc8e010000 - 0x00007ffc8e228000 	C:\WINDOWS\SYSTEM32\ntdll.dll
0x00007ffc8d080000 - 0x00007ffc8d144000 	C:\WINDOWS\System32\KERNEL32.DLL
0x00007ffc8b850000 - 0x00007ffc8bc23000 	C:\WINDOWS\System32\KERNELBASE.dll
0x00007ffc8df10000 - 0x00007ffc8dfc1000 	C:\WINDOWS\System32\ADVAPI32.dll
0x00007ffc8bcb0000 - 0x00007ffc8bd57000 	C:\WINDOWS\System32\msvcrt.dll
0x00007ffc8bd60000 - 0x00007ffc8be08000 	C:\WINDOWS\System32\sechost.dll
0x00007ffc8b6b0000 - 0x00007ffc8b6d8000 	C:\WINDOWS\System32\bcrypt.dll
0x00007ffc8c720000 - 0x00007ffc8c838000 	C:\WINDOWS\System32\RPCRT4.dll
0x00007ffc8dd30000 - 0x00007ffc8dee2000 	C:\WINDOWS\System32\USER32.dll
0x00007ffc8b680000 - 0x00007ffc8b6a6000 	C:\WINDOWS\System32\win32u.dll
0x00007ffc8db40000 - 0x00007ffc8db69000 	C:\WINDOWS\System32\GDI32.dll
0x00007ffc8b2f0000 - 0x00007ffc8b413000 	C:\WINDOWS\System32\gdi32full.dll
0x00007ffc8b560000 - 0x00007ffc8b5fa000 	C:\WINDOWS\System32\msvcp_win.dll
0x00007ffc8b1d0000 - 0x00007ffc8b2e1000 	C:\WINDOWS\System32\ucrtbase.dll
0x00007ffc70d80000 - 0x00007ffc7101c000 	C:\WINDOWS\WinSxS\amd64_microsoft.windows.common-controls_6595b64144ccf1df_6.0.22621.6060_none_2712eda17382d24b\COMCTL32.dll
0x00007ffc8cbc0000 - 0x00007ffc8cbf1000 	C:\WINDOWS\System32\IMM32.DLL
0x0000000061b90000 - 0x0000000061c62000 	C:\Program Files\Java\jdk1.7.0_80\jre\bin\msvcr100.dll
0x0000000061c70000 - 0x0000000062449000 	C:\Program Files\Java\jdk1.7.0_80\jre\bin\server\jvm.dll
0x00007ffc8d260000 - 0x00007ffc8d268000 	C:\WINDOWS\System32\PSAPI.DLL
0x00007ffc84690000 - 0x00007ffc846c4000 	C:\WINDOWS\SYSTEM32\WINMM.dll
0x00007ffc0bc90000 - 0x00007ffc0bc99000 	C:\WINDOWS\SYSTEM32\WSOCK32.dll
0x00007ffc8ce20000 - 0x00007ffc8ce91000 	C:\WINDOWS\System32\WS2_32.dll
0x0000000061b40000 - 0x0000000061b4f000 	C:\Program Files\Java\jdk1.7.0_80\jre\bin\verify.dll
0x0000000061b10000 - 0x0000000061b38000 	C:\Program Files\Java\jdk1.7.0_80\jre\bin\java.dll
0x0000000061af0000 - 0x0000000061b06000 	C:\Program Files\Java\jdk1.7.0_80\jre\bin\zip.dll

VM Arguments:
jvm_args: -Dfile.encoding=UTF-8 
java_command: Main
Launcher Type: SUN_STANDARD

Environment Variables:
PATH=C:\Program Files (x86)\VMware\VMware Workstation\bin\;C:\Program Files\Common Files\Oracle\Java\javapath;C:\WINDOWS\system32;C:\WINDOWS;C:\WINDOWS\System32\Wbem;C:\WINDOWS\System32\WindowsPowerShell\v1.0\;C:\WINDOWS\System32\OpenSSH\;C:\Program Files (x86)\Windows Kits\10\Windows Performance Toolkit\;C:\Program Files (x86)\Microsoft SQL Server\150\DTS\Binn\;C:\Program Files\Azure Data Studio\bin;C:\Program Files\Microsoft SQL Server\Client SDK\ODBC\170\Tools\Binn\;C:\Program Files (x86)\Microsoft SQL Server\150\Tools\Binn\;C:\Program Files\Microsoft SQL Server\150\Tools\Binn\;C:\Program Files\Microsoft SQL Server\150\DTS\Binn\;C:\Users\Admin\AppData\Local\Microsoft\WindowsApps;C:\Users\Admin\AppData\Local\Programs\Microsoft VS Code\bin;C:\Program Files\Java\jdk1.7.0_80\bin
USERNAME=Admin
OS=Windows_NT
PROCESSOR_IDENTIFIER=Intel64 Family 6 Model 142 Stepping 12, GenuineIntel



---------------  S Y S T E M  ---------------

OS: Windows 8.1 , 64 bit Build 9600 

CPU:total 8 (4 cores per cpu, 2 threads per core) family 6 model 142 stepping 12, cmov, cx8, fxsr, mmx, sse, sse2, sse3, ssse3, sse4.1, sse4.2, popcnt, avx, avx2, aes, erms, ht, tsc, tscinvbit

Memory: 4k page, physical 8272180k(1319364k free), swap 14048692k(5636k free)

vm_info: Java HotSpot(TM) 64-Bit Server VM (24.80-b11) for windows-amd64 JRE (1.7.0_80-b15), built on Apr 10 2015 11:26:34 by "java_re" with unknown MS VC++:1600

time: Wed Nov 12 15:04:04 2025
elapsed time: 0 seconds

